// Jest Snapshot v1, https://goo.gl/fbAQLP

exports[`About page matches snapshot 1`] = `
<DocumentFragment>
  <h2>
    About
  </h2>
</DocumentFragment>
`;
