// Jest Snapshot v1, https://goo.gl/fbAQLP

exports[`Home page matches snapshot 1`] = `
<DocumentFragment>
  <h2>
    Home
  </h2>
  <button>
    Button
  </button>
</DocumentFragment>
`;
