// Jest Snapshot v1, https://goo.gl/fbAQLP

exports[`atoms/buttons/PrimaryButton Snapshot 1`] = `
<button>
  label
</button>
`;
